// Jest Snapshot v1, https://goo.gl/fbAQLP

exports[`Admin > Manage > AssignProjectsToProfile renders ListUsers component 1`] = `
<div
  className="ui container"
>
  <form
    action={undefined}
    className="ui form"
    onSubmit={[Function]}
  >
    <div
      className="field"
    >
      <div
        aria-busy={undefined}
        aria-disabled={undefined}
        aria-expanded={false}
        aria-multiselectable={undefined}
        className="ui selection dropdown form-dropdown"
        onBlur={[Function]}
        onChange={[Function]}
        onClick={[Function]}
        onFocus={[Function]}
        onMouseDown={[Function]}
        role="listbox"
        tabIndex={0}
      >
        <div
          aria-live="polite"
          className="default text"
          role="alert"
        >
          Select Profile
        </div>
        <i
          aria-hidden="true"
          className="dropdown icon"
          onClick={[Function]}
        />
        <div
          className="menu transition"
        >
          <div
            aria-checked={false}
            aria-disabled={undefined}
            aria-selected={true}
            className="selected item"
            onClick={[Function]}
            role="option"
            style={
              Object {
                "pointerEvents": "all",
              }
            }
          >
            <span
              className="text"
            >
              MIN_JIGS_WEDDING
            </span>
          </div>
          <div
            aria-checked={false}
            aria-disabled={undefined}
            aria-selected={false}
            className="item"
            onClick={[Function]}
            role="option"
            style={
              Object {
                "pointerEvents": "all",
              }
            }
          >
            <span
              className="text"
            >
              HOME_DIY
            </span>
          </div>
          <div
            aria-checked={false}
            aria-disabled={undefined}
            aria-selected={false}
            className="item"
            onClick={[Function]}
            role="option"
            style={
              Object {
                "pointerEvents": "all",
              }
            }
          >
            <span
              className="text"
            >
              CHRISTMAS
            </span>
          </div>
        </div>
      </div>
    </div>
    <div
      className="field"
    >
      <div
        className="ui checkbox"
        data-projcb={
          Object {
            "_id": "5992d50066a7043f2598e12d",
            "colour": "red",
            "createdDate": "2017-08-15T12:02:00.000Z",
            "profilesAssigned": Array [],
            "projectDescription": "a description",
            "projectName": "Iron Man",
          }
        }
        id="5992d50066a7043f2598e12d"
        onChange={[Function]}
        onClick={[Function]}
        onMouseDown={[Function]}
      >
        <input
          checked={false}
          className="hidden"
          name={undefined}
          readOnly={true}
          tabIndex={0}
          type="checkbox"
          value={undefined}
        />
        <label>
          Iron Man
        </label>
      </div>
    </div>
    <div
      className="field"
    >
      <div
        className="ui checkbox"
        data-projcb={
          Object {
            "__v": 0,
            "_id": "59a08710e57cb1da97cd1477",
            "colour": "red",
            "createdDate": "2017-08-25T20:22:40.994Z",
            "profilesAssigned": Array [],
            "projectDescription": "a description",
            "projectName": "Thor",
          }
        }
        id="59a08710e57cb1da97cd1477"
        onChange={[Function]}
        onClick={[Function]}
        onMouseDown={[Function]}
      >
        <input
          checked={false}
          className="hidden"
          name={undefined}
          readOnly={true}
          tabIndex={0}
          type="checkbox"
          value={undefined}
        />
        <label>
          Thor
        </label>
      </div>
    </div>
    <div
      className="field"
    >
      <div
        className="ui checkbox"
        data-projcb={
          Object {
            "__v": 0,
            "_id": "59a08bb6e57cb1da97cd1478",
            "colour": "grey",
            "createdDate": "2017-08-25T20:42:30.159Z",
            "profilesAssigned": Array [],
            "projectDescription": "a description",
            "projectName": "Captain America",
          }
        }
        id="59a08bb6e57cb1da97cd1478"
        onChange={[Function]}
        onClick={[Function]}
        onMouseDown={[Function]}
      >
        <input
          checked={false}
          className="hidden"
          name={undefined}
          readOnly={true}
          tabIndex={0}
          type="checkbox"
          value={undefined}
        />
        <label>
          Captain America
        </label>
      </div>
    </div>
    <button
      className="ui green button"
      disabled={undefined}
      onClick={[Function]}
      role="button"
      tabIndex={undefined}
      type="submit"
    >
      Save
    </button>
  </form>
</div>
`;
