// Jest Snapshot v1, https://goo.gl/fbAQLP

exports[`Admin > Manage > AssignUsersToProfile renders ListUsers component 1`] = `
<div
  className="ui container"
>
  <form
    action={undefined}
    className="ui form"
    onSubmit={[Function]}
  >
    <div
      className="field"
    >
      <div
        aria-busy={undefined}
        aria-disabled={undefined}
        aria-expanded={false}
        aria-multiselectable={undefined}
        className="ui selection dropdown form-dropdown"
        onBlur={[Function]}
        onChange={[Function]}
        onClick={[Function]}
        onFocus={[Function]}
        onMouseDown={[Function]}
        role="listbox"
        tabIndex={0}
      >
        <div
          aria-live="polite"
          className="default text"
          role="alert"
        >
          Select User
        </div>
        <i
          aria-hidden="true"
          className="dropdown icon"
          onClick={[Function]}
        />
        <div
          className="menu transition"
        >
          <div
            aria-checked={false}
            aria-disabled={undefined}
            aria-selected={true}
            className="selected item"
            onClick={[Function]}
            role="option"
            style={
              Object {
                "pointerEvents": "all",
              }
            }
          >
            <span
              className="text"
            >
              TESTUSER
            </span>
          </div>
          <div
            aria-checked={false}
            aria-disabled={undefined}
            aria-selected={false}
            className="item"
            onClick={[Function]}
            role="option"
            style={
              Object {
                "pointerEvents": "all",
              }
            }
          >
            <span
              className="text"
            >
              GOD
            </span>
          </div>
        </div>
      </div>
    </div>
    <div>
      <div
        className="field"
      >
        <div
          className="ui checkbox"
          data-cb="MIN_JIGS_WEDDING"
          id="1234567"
          onChange={[Function]}
          onClick={[Function]}
          onMouseDown={[Function]}
        >
          <input
            checked={false}
            className="hidden"
            name={undefined}
            readOnly={true}
            tabIndex={0}
            type="checkbox"
            value="false"
          />
          <label>
            MIN_JIGS_WEDDING
          </label>
        </div>
      </div>
      <div
        className="field"
      >
        <div
          className="ui checkbox"
          data-cb="HOME_DIY"
          id="1234568"
          onChange={[Function]}
          onClick={[Function]}
          onMouseDown={[Function]}
        >
          <input
            checked={false}
            className="hidden"
            name={undefined}
            readOnly={true}
            tabIndex={0}
            type="checkbox"
            value="false"
          />
          <label>
            HOME_DIY
          </label>
        </div>
      </div>
      <div
        className="field"
      >
        <div
          className="ui checkbox"
          data-cb="CHRISTMAS"
          id="1234569"
          onChange={[Function]}
          onClick={[Function]}
          onMouseDown={[Function]}
        >
          <input
            checked={false}
            className="hidden"
            name={undefined}
            readOnly={true}
            tabIndex={0}
            type="checkbox"
            value="false"
          />
          <label>
            CHRISTMAS
          </label>
        </div>
      </div>
    </div>
    <button
      className="ui green button"
      disabled={undefined}
      onClick={[Function]}
      role="button"
      tabIndex={undefined}
      type="submit"
    >
      Save
    </button>
  </form>
</div>
`;
