// Jest Snapshot v1, https://goo.gl/fbAQLP

exports[`LeftHandMenu Component renders correctly 1`] = `
<div
  className="ui fluid vertical tabular menu"
>
  <a
    className="active item"
    onClick={[Function]}
  >
    View
  </a>
  <a
    className="item"
    href="/project/create"
    onClick={[Function]}
  >
    Create
  </a>
  <a
    className="item"
    onClick={[Function]}
  >
    Search
  </a>
</div>
`;
