// Jest Snapshot v1, https://goo.gl/fbAQLP

exports[`ItemRow renders item row correctly 1`] = `
<tr
  className=""
>
  <td
    className=""
  >
    test
  </td>
  <td
    className=""
  >
    2017-08-25T20:22:40.994Z
  </td>
  <td
    className=""
  >
    2017-08-29T12:09:29.443Z
  </td>
  <td
    className=""
  >
    I am a note
  </td>
  <td
    className=""
  >
    Miss Appleby
  </td>
  <td
    className=""
  >
    <a
      className="ui teal button"
      disabled={undefined}
      href="/list/123/item/1/delete"
      onClick={[Function]}
      role="button"
      tabIndex={undefined}
    >
      Delete
    </a>
  </td>
</tr>
`;
