// Jest Snapshot v1, https://goo.gl/fbAQLP

exports[`ListHeadings renders headings correctly 1`] = `
<thead
  className=""
>
  <tr
    className=""
  >
    <th
      className=""
    >
      A
    </th>
    <th
      className=""
    >
      B
    </th>
    <th
      className="right aligned"
      colSpan="2"
    >
      <a
        className="ui green icon button"
        disabled={undefined}
        href="/list/update/112"
        onClick={[Function]}
        role="button"
        tabIndex={undefined}
        title="Amend List Setup"
      >
        <i
          aria-hidden="true"
          className="edit icon"
        />
      </a>
    </th>
  </tr>
</thead>
`;
