// Jest Snapshot v1, https://goo.gl/fbAQLP

exports[`ListHeadings renders headings correctly 1`] = `
<tbody
  className=""
>
  <tr
    className=""
  >
    <td
      className=""
    >
      Hola
    </td>
    <td
      className=""
    >
      Hello
    </td>
  </tr>
  <tr
    className=""
  >
    <td
      className=""
    >
      Adios
    </td>
    <td
      className=""
    >
      Bye
    </td>
  </tr>
</tbody>
`;
