// Jest Snapshot v1, https://goo.gl/fbAQLP

exports[`ListItems renders list items correctly 1`] = `
<tbody
  className=""
>
  <tr
    className=""
  >
    <td
      className="six wide"
    >
      <div
        className="ui fluid input"
      >
        <input
          disabled={undefined}
          id="0001"
          name="ItemName"
          onChange={[Function]}
          tabIndex={undefined}
          type="text"
          value="Bread"
        />
      </div>
    </td>
    <td
      className="six wide"
    >
      <div
        className="ui fluid input"
      >
        <input
          disabled={undefined}
          id="0001"
          name="Description"
          onChange={[Function]}
          tabIndex={undefined}
          type="text"
          value="Loaf of granary bread"
        />
      </div>
    </td>
  </tr>
  <tr
    className=""
  >
    <td
      className="six wide"
    >
      <div
        className="ui fluid input"
      >
        <input
          disabled={undefined}
          id="0002"
          name="ItemName"
          onChange={[Function]}
          tabIndex={undefined}
          type="text"
          value="Milk"
        />
      </div>
    </td>
    <td
      className="six wide"
    >
      <div
        className="ui fluid input"
      >
        <input
          disabled={undefined}
          id="0002"
          name="Description"
          onChange={[Function]}
          tabIndex={undefined}
          type="text"
          value="1 Pint of Milk"
        />
      </div>
    </td>
  </tr>
</tbody>
`;
