// Jest Snapshot v1, https://goo.gl/fbAQLP

exports[`ListHeadings renders headings correctly 1`] = `
<tbody
  className=""
>
  <tr
    className=""
  >
    <td
      className="three wide"
    >
      <div
        className="ui fluid input"
      >
        <input
          disabled={undefined}
          id="001-002"
          name="Name"
          onChange={[Function]}
          tabIndex={undefined}
          type="text"
          value="Captain America"
        />
      </div>
    </td>
    <td
      className="three wide"
    >
      <div
        className="ui fluid input"
      >
        <input
          disabled={undefined}
          id="001-002"
          name="Desc"
          onChange={[Function]}
          tabIndex={undefined}
          type="text"
          value="The first avenger"
        />
      </div>
    </td>
    <td
      className="right aligned one wide"
    >
      <button
        className="ui yellow icon button"
        disabled={undefined}
        id="001-002"
        onClick={[Function]}
        role="button"
        tabIndex={undefined}
      >
        <i
          aria-hidden="true"
          className="thumbs up icon"
        />
      </button>
    </td>
    <td
      className="right aligned one wide"
    >
      <button
        className="ui pink icon button"
        disabled={undefined}
        id="001-002"
        onClick={[Function]}
        role="button"
        tabIndex={undefined}
      >
        <i
          aria-hidden="true"
          className="trash icon"
        />
      </button>
    </td>
  </tr>
</tbody>
`;
