// Jest Snapshot v1, https://goo.gl/fbAQLP

exports[`ListHeadings renders headings correctly 1`] = `
<thead
  className=""
>
  <tr
    className=""
  >
    <th
      className=""
    >
      A
    </th>
    <th
      className=""
    >
      B
    </th>
    <th
      className="right aligned"
      colSpan="2"
    >
      <a
        className="ui green icon button"
        disabled={undefined}
        href="/list/update/112"
        onClick={[Function]}
        role="button"
        tabIndex={undefined}
      >
        <i
          aria-hidden="true"
          className="edit icon"
        />
      </a>
      <div
        aria-busy={undefined}
        aria-disabled={undefined}
        aria-expanded={false}
        aria-multiselectable={undefined}
        className="ui button floating labeled dropdown icon pdf"
        onBlur={[Function]}
        onChange={[Function]}
        onClick={[Function]}
        onFocus={[Function]}
        onMouseDown={[Function]}
        role="listbox"
        tabIndex={0}
      >
        <div
          aria-live="polite"
          className="text"
          role="alert"
        >
          Export PDF
        </div>
        <i
          aria-hidden="true"
          className="file pdf outline icon"
          onClick={[Function]}
        />
        <div
          className="menu transition"
        >
          <div
            aria-checked={undefined}
            aria-disabled={undefined}
            aria-selected={undefined}
            className="item"
            id="112"
            onClick={[Function]}
            role="option"
          >
            Save
          </div>
          <div
            aria-checked={undefined}
            aria-disabled={true}
            aria-selected={undefined}
            className="disabled item"
            onClick={[Function]}
            role="option"
          >
            Email
          </div>
        </div>
      </div>
    </th>
  </tr>
</thead>
`;
