// Jest Snapshot v1, https://goo.gl/fbAQLP

exports[`List renders list correctly 1`] = `
<div
  className="List main"
>
  <div
    className="ui container"
  >
    <table
      className="ui celled striped table"
    >
      <thead
        className=""
      >
        <tr
          className=""
        >
          <th
            className=""
          >
            A
          </th>
          <th
            className=""
          >
            B
          </th>
        </tr>
      </thead>
      <tbody
        className=""
      >
        <tr
          className=""
        />
        <tr
          className=""
        />
      </tbody>
    </table>
  </div>
</div>
`;
