// Jest Snapshot v1, https://goo.gl/fbAQLP

exports[`Manage Lists renders correctly 1`] = `
<div
  className="ui container"
>
  <div
    className="List main"
  >
    <table
      className="ui celled striped table"
    >
      <thead
        className=""
      >
        <tr
          className=""
        >
          <th
            className=""
          >
            Name
          </th>
          <th
            className=""
          >
            Created
          </th>
          <th
            className=""
          >
            Last Updated
          </th>
          <th
            className=""
          >
            Projects
          </th>
          <th
            className=""
          >
            Actions
          </th>
        </tr>
      </thead>
      <tbody
        className=""
      />
    </table>
  </div>
</div>
`;
