// Jest Snapshot v1, https://goo.gl/fbAQLP

exports[`renders correctly 1`] = `
<div
  className="ui container"
>
  <div
    className="List main"
  >
    <h3
      className="ui dividing left floated header"
    />
    <table
      className="ui celled striped table"
    >
      <thead
        className=""
      >
        <tr
          className=""
        >
          <th
            className=""
          />
        </tr>
      </thead>
      <tbody
        className=""
      />
    </table>
  </div>
</div>
`;
