// Jest Snapshot v1, https://goo.gl/fbAQLP

exports[`List renders lists correctly 1`] = `
<div
  className="List main"
>
  <div
    className="ui container"
  >
    <h1
      className="ui header firstletter-capitalise"
    >
      Lists for all.
    </h1>
    <table
      className="ui striped table"
    >
      <thead
        className=""
      >
        <tr
          className=""
        >
          <th
            className=""
          >
            Name
          </th>
          <th
            className=""
          >
            Created
          </th>
          <th
            className=""
          >
            Last Updated
          </th>
          <th
            className=""
          >
            Projects
          </th>
          <th
            className=""
          >
            Actions
          </th>
        </tr>
      </thead>
      <tbody
        className=""
      >
        <tr
          className=""
        >
          <td
            className=""
          >
            Iron Man
          </td>
          <td
            className=""
          >
            18/05/2016, 17:00:00
          </td>
          <td
            className=""
          >
            18/05/2016, 17:00:00
          </td>
          <td
            className=""
          >
            <a
              className="ui brown label"
              href="/project/technology/lists"
              onClick={[Function]}
            >
              <i
                aria-hidden="true"
                className="empty star icon"
              />
              technology
            </a>
            <a
              className="ui brown label"
              href="/project/reactor/lists"
              onClick={[Function]}
            >
              <i
                aria-hidden="true"
                className="empty star icon"
              />
              reactor
            </a>
          </td>
          <td
            className=""
          >
            <a
              className="ui blue icon button"
              disabled={undefined}
              href="/list/view/001"
              onClick={[Function]}
              role="button"
              tabIndex={undefined}
            >
              <i
                aria-hidden="true"
                className="list layout icon"
              />
            </a>
            <a
              className="ui green icon button"
              disabled={undefined}
              href="/list/update/001"
              onClick={[Function]}
              role="button"
              tabIndex={undefined}
            >
              <i
                aria-hidden="true"
                className="edit icon"
              />
            </a>
            <button
              className="ui yellow icon button"
              disabled={undefined}
              id="001"
              onClick={[Function]}
              role="button"
              tabIndex={undefined}
            >
              <i
                aria-hidden="true"
                className="thumbs up icon"
              />
            </button>
            <button
              className="ui pink icon button"
              disabled={undefined}
              onClick={[Function]}
              role="button"
              tabIndex={undefined}
              value="001"
            >
              <i
                aria-hidden="true"
                className="trash icon"
              />
            </button>
          </td>
        </tr>
        <tr
          className=""
        >
          <td
            className=""
          >
            Thor
          </td>
          <td
            className=""
          >
            Invalid Date
          </td>
          <td
            className=""
          >
            Invalid Date
          </td>
          <td
            className=""
          >
            <a
              className="ui brown label"
              href="/project/hammer/lists"
              onClick={[Function]}
            >
              <i
                aria-hidden="true"
                className="empty star icon"
              />
              hammer
            </a>
          </td>
          <td
            className=""
          >
            <a
              className="ui blue icon button"
              disabled={undefined}
              href="/list/view/002"
              onClick={[Function]}
              role="button"
              tabIndex={undefined}
            >
              <i
                aria-hidden="true"
                className="list layout icon"
              />
            </a>
            <a
              className="ui green icon button"
              disabled={undefined}
              href="/list/update/002"
              onClick={[Function]}
              role="button"
              tabIndex={undefined}
            >
              <i
                aria-hidden="true"
                className="edit icon"
              />
            </a>
            <button
              className="ui yellow icon button"
              disabled={undefined}
              id="002"
              onClick={[Function]}
              role="button"
              tabIndex={undefined}
            >
              <i
                aria-hidden="true"
                className="thumbs up icon"
              />
            </button>
            <button
              className="ui pink icon button"
              disabled={undefined}
              onClick={[Function]}
              role="button"
              tabIndex={undefined}
              value="002"
            >
              <i
                aria-hidden="true"
                className="trash icon"
              />
            </button>
          </td>
        </tr>
      </tbody>
    </table>
  </div>
</div>
`;
