// Jest Snapshot v1, https://goo.gl/fbAQLP

exports[`renders correctly 1`] = `
<div
  className="content-body"
>
  <div
    className="ui vertical center aligned segment home-segment"
  >
    <div
      className="ui text container"
    >
      <h2
        className="ui header home-mainheader"
      >
        Time to make plans...
      </h2>
      <h3
        className="ui header home-header"
      >
        Stars can't shine without darkness.
      </h3>
      <div
        className="ui inverted section divider"
      />
      <div
        className="ui centered stackable vertically divided grid"
      >
        <div
          className="three column row"
        >
          <div
            className="column"
          >
            <a
              className="ui green button"
              disabled={undefined}
              href="/list/all"
              onClick={[Function]}
              role="button"
              tabIndex={undefined}
            >
              <i
                aria-hidden="true"
                className="list layout icon"
              />
              View lists
            </a>
          </div>
          <div
            className="column"
          >
            <a
              className="ui pink button"
              disabled={undefined}
              href="/list/update"
              onClick={[Function]}
              role="button"
              tabIndex={undefined}
            >
              <i
                aria-hidden="true"
                className="edit icon"
              />
              Create lists
            </a>
          </div>
          <div
            className="column"
          >
            <a
              className="ui blue button"
              disabled={undefined}
              href="/project/all"
              onClick={[Function]}
              role="button"
              tabIndex={undefined}
            >
              <i
                aria-hidden="true"
                className="cubes icon"
              />
              View Projects
            </a>
          </div>
        </div>
      </div>
      <div />
    </div>
  </div>
</div>
`;
