// Jest Snapshot v1, https://goo.gl/fbAQLP

exports[`renders correctly 1`] = `
<div>
  <div
    className="ui inverted vertical center aligned segment"
    style={
      Object {
        "minHeight": 700,
        "padding": "1em 0em",
      }
    }
  >
    <div
      className="ui text container"
    >
      <h2
        className="ui inverted header"
        style={
          Object {
            "fontSize": "3.5em",
            "fontWeight": "normal",
            "marginBottom": 0,
            "marginTop": "2em",
          }
        }
      >
        Time to make plans...
      </h2>
      <h3
        className="ui inverted header"
        style={
          Object {
            "color": "#eba3a3",
            "fontSize": "1.7em",
            "fontWeight": "normal",
          }
        }
      >
        Stars can't shine without darkness.
      </h3>
      <div
        className="ui inverted section divider"
      />
      <div
        className="ui centered stackable vertically divided grid"
      >
        <div
          className="three column row"
        >
          <div
            className="column"
          >
            <a
              className="ui green button"
              disabled={undefined}
              href="/list/all"
              onClick={[Function]}
              role="button"
              tabIndex={undefined}
            >
              <i
                aria-hidden="true"
                className="list layout icon"
              />
              View lists
            </a>
          </div>
          <div
            className="column"
          >
            <a
              className="ui pink button"
              disabled={undefined}
              href="/list/update"
              onClick={[Function]}
              role="button"
              tabIndex={undefined}
            >
              <i
                aria-hidden="true"
                className="edit icon"
              />
              Create lists
            </a>
          </div>
          <div
            className="column"
          >
            <a
              className="ui blue button"
              disabled={undefined}
              href="/project/all"
              onClick={[Function]}
              role="button"
              tabIndex={undefined}
            >
              <i
                aria-hidden="true"
                className="cubes icon"
              />
              View Projects
            </a>
          </div>
        </div>
      </div>
      <div />
    </div>
  </div>
</div>
`;
